An NVIDIA GPU may be present on this machine, but a CUDA-enabled jaxlib is not installed. Falling back to cpu.
[biogeme] starting torchdcm_advanced_latent_full_5000
[biogeme] finished in 2.017s; LL=-4802.548991
{
  "benchmark": "advanced_full_estimation_validation",
  "timing_scope": "full optimization plus classic covariance construction",
  "runtime_policy": {
    "cpu_policy": "single-logical-core",
    "logical_cpu_affinity": [
      0
    ],
    "timing_scope": "estimation-plus-covariance",
    "thread_environment": {
      "OMP_NUM_THREADS": "1",
      "MKL_NUM_THREADS": "1",
      "OPENBLAS_NUM_THREADS": "1",
      "NUMEXPR_NUM_THREADS": "1",
      "BLIS_NUM_THREADS": "1",
      "VECLIB_MAXIMUM_THREADS": "1"
    },
    "xla_flags": "--xla_cpu_multi_thread_eigen=false intra_op_parallelism_threads=1",
    "torch_intraop_threads": 1,
    "torch_interop_threads": 1,
    "threadpools": [
      {
        "user_api": "blas",
        "internal_api": "openblas",
        "num_threads": 1
      },
      {
        "user_api": "openmp",
        "internal_api": "openmp",
        "num_threads": 1
      },
      {
        "user_api": "blas",
        "internal_api": "openblas",
        "num_threads": 1
      }
    ]
  },
  "profile": "full",
  "max_iter": 150,
  "cases": [
    {
      "case": "Synthetic 5,000",
      "kind": "latent_class",
      "data_type": "Synthetic",
      "data_source": "Controlled latent-class DGP",
      "n_obs": 5000,
      "n_units": 5000,
      "n_draws": 0,
      "extra": {
        "classes": 2,
        "membership_covariates": 1
      },
      "results": {
        "biogeme": {
          "backend": "biogeme",
          "available": true,
          "seconds": 2.016787112923339,
          "loglike": -4802.548991014002,
          "params": {
            "ASC_B_C1": -0.37120464768521944,
            "ASC_C_C1": 0.24527097308017587,
            "B_X_C1": -0.9989711818718449,
            "ASC_B_C2": 0.7703445876437708,
            "ASC_C_C2": -0.8901576659868421,
            "B_X_C2": -0.30019900192030613,
            "CLASS_2": -0.6273347507665558,
            "CLASS_2_Z": 0.9536571289620431
          },
          "covariance_available": true,
          "convergence": {
            "status": "completed"
          },
          "message": ""
        }
      },
      "best_loglike": -4802.548991014002,
      "loglike_tolerance": 0.004802548991014002,
      "consistent": false
    }
  ]
}
